AHMEDABADCITY,VAAH,1988
Aurangabad,VAAU,888
Mumbai,VABB,992
Bhuj,VABJ,2076
Belgaum,VABM,2226
Vadodara,VABO,2194
Bhopal,VABP,2395
Bhavnagar,VABV,2031
Panaji,VAGO,8138
Indore,VAID,2449
Jabalpur,VAJB,2452
Juhu_Andheri,VAJJ,8254
Jamnagar,VAJM,2054
Chhatarpur,VAKJ,612
Nagpur,VANP,999
Pune,VAPO,7623
Rajkot,VARK,2135
Raipur,VARP,3257
Solapur,VASL,1123
Agartala,VEAT,8134
Siliguri,VEBD,3297
Bhubaneswar,VEBS,5987
Kolkata,VECC,3251
Gorakhpur,VEGK,535
Gaya,VEGY,5014
Imphal,VEIM,8124
Jharsuguda,VEJH,5931
Jamshedpur,VEJS,5479
Kailashahar,VEKR,8133
Northlakhimpur,VELR,749
Muzaffarpur,VEMZ,5055
Patna,VEPT,4857
Ranchi,VERC,5616
Visakhapatnam,VEVZ,42
Agra,VIAG,233
Allahabad,VIAL,378
Amritsar,VIAR,2630
Varanasi,VIBN,870
Chandigarh,VICG,8158
Safdurjung,VIDD,8119
Dehradun,VIDN,5764
Delhi,VIDP,7970
Gwalior,VIGR,2437
HISAR,VIHR,4578
Jodhpur,VIJO,2921
Jaipur,VIJP,2890
Jammu,VIJU,8004
KOTA,VIKO,1741
Ludhiana,VILD,2712
Leh,VILH,8105
Lucknow,VILK,257
Pathankot,VIPK,2695
Shimla,VISM,5409
Srinagar,VISR,4224
Bangalore,VOBL,2212
Coimbatore,VOCB,3016
Kochi,VOCC,5674
Kozhikode,VOCL,5703
Hyderabad,VOHY,1483
Madurai,VOMD,3074
MANGALORE,VOML,2265
CHENNAI,VOMM,210
Port Blair,VOPB,8011
Thanjavur,VOTJ,3150
Tiruchchirapalli,VOTP,3169
TRICHY,VOTR,3170
Thiruvanathapuram,VOTV,5731
BANGALORE EAST,VOBL,2214
